---
source: src/data/cdot/json.rs
expression: "&result"
---
[]
